{
  "Me": {
    "Id": 1,
    "Name": "Mr. Jukebox"
  }
}
